  ✅ dev-service bridge up (same code path as the TV)
[Environment] Chromium 154.0.8037.95, real service bridge, real network

[Home grid + scroll geometry]
  ✅ Home renders cards: 20 cards
  ✅ Sidebar present: 14 items
  ✅ No broken thumbnails: 0 broken
  ✅ Row 0: focused card fully visible, no peek: top=81
  ✅ Deep row: card visible + previous row peeks: top=127 peek=108
  ✅ Back to top: no clipping: top=81

[Sidebar wrap]
  ✅ Top ↑ wraps to the last item: 搜索 → 设置

[Partitions + search]
  ✅ 分区(游戏) loads content: 100 cards
  ✅ Search page shows an input + recommendations: input=true rows=10

[Settings]
  ✅ Settings rows render: 弹幕 / 看完移出稍后再看 / 播完自动播放下一个 / 每行视频 / 弹幕字号 / 字幕字号 / 界面字号 / CDN 线路 / 检查更新 / 网络诊断 / 语言 / Language
  ✅ No 音量均衡 row (feature parked)

[Video playback + player UI]
  ✅ Video plays: t=10s
  ✅ Control bar has the expected buttons: 暂停 | 18.5万 | B2.8万 | 9.4万 | 稍后再看 | 弹幕 开 | 倍速 | 480P | 评论 · 2.7万
  ✅ 评论按钮打开前就带数量: 评论 · 2.7万
  ✅ 控制栏首尾循环(暂停 ←→ 评论): 暂停 → 评论 · 2.7万 → 暂停
  ✅ Stored login: 赞/币/藏 present in the control bar: named like / coin / favorite controls
  ✅ Comment rail: video shrinks, rail docks right: video=1500 rail@1500
  ✅ Comment rail renders the comments returned by the API: 3 cards / 3 API replies
  ✅ Comment rail never displays JSX or a contradictory empty state
  ✅ Controls fit beside comments without duplicate metadata
  ✅ 楼中楼 expands on OK: 3 → 10
  ✅ Back closes the rail first, focus returns: video=1920 focus=评论 · 2.7万
  ✅ view 被拦时 pagelist 兜底照样播 (C-ERR-03): t=11s errScreen=false
  ✅ 关掉自动连播后片尾无倒计时 (C-UI-15): ended=true countdown=false
  ✅ MPD 末尾带兜底镜像 cosov+estgoss (C-CDN-01)
  ✅ 主 CDN 挂了照样播,坏节点被拉黑 (C-CDN-02): t=10s banned=upos-sz-mirrorbad.bilivideo.com

[Live: playback, controls, quality, chat rail, back layering]
  ✅ Left the VOD player before live
  ✅ Live stream plays: 舞蹈生再就业 t=8s 100x178
  ✅ Live control bar: danmaku / quality / chat: 弹幕 开 | 原画 | 聊天 关
  ✅ Chat rail defaults to off
  ✅ 直播:按「下」也能呼出控制栏(与点播一致): 弹幕 开 | 原画 | 聊天 关
  ✅ 直播:控制栏开着时按「上」能收起
  ✅ 直播:按「下」同样能收起(开关对称): 重开=true 下键关=true
  ✅ Live quality ladder opens: 原画
  ✅ Chat rail opens from the control bar
  ✅ 聊天栏打开即有历史消息(不是空屏等实时): 栏内 2 行 · 该房间历史 0 条
  ✅ Back closes the chat rail, stays in the room
  ✅ Back again leaves the live room

[稍后再看 / Watch Later]
  ⚠️  Watch Later skipped: needs a logged-in session

[卡片长按菜单 / Card menu]
  ✅ 首页卡片长按也弹菜单,含「加入稍后再看」: 加入稍后再看 | 取消
  ✅ 长按不会误触发播放
  ✅ 按住不放:菜单弹出但不会自己确认: open=true msg=null
  ✅ 松手本身也不算确认: open=true msg=null

[已关注标]
  ⚠️  Follow badges skipped: API session is logged out; stored cookies alone do not establish authentication

[取流失败 → 直达网络诊断]
  ✅ 取流被拒时给出风控提示(不是泛泛的加载失败): B站 风控拦截 · 多半是当前账号被风控:换个账号登录即可验证;也可在设置里换 CDN 线路
  ✅ 风控提示对应客户端保存的登录状态: B站 风控拦截 · 多半是当前账号被风控:换个账号登录即可验证;也可在设置里换 CDN 线路
  ✅ 错误页有「去网络诊断」按钮
  ✅ OK 直达网络诊断(退出播放器 + 面板自动展开): player=false diag=true
  ✅ 诊断「CDN 测速」给出单连接与 4 并发吞吐 (C-DIAG-02): ✅ CDN 测速 — coso1 单连接(1x) 5.38 MB/s · 4 并发(4x) 4.00 MB/s (x0.7)

[界面字号 / UI text scale]
  ✅ 设置里有「界面字号」: 弹幕 / 看完移出稍后再看 / 播完自动播放下一个 / 每行视频 / 弹幕字号 / 字幕字号 / 界面字号 / CDN 线路 / 检查更新 / 网络诊断 / 语言 / Language
  ✅ 特大档字号确实放大了: 标题 28.75px · 侧栏 25px
  ✅ 侧栏文字没有溢出
  ✅ 特大档:深行卡片完整可见: top=136 bottom=590
  ✅ 特大档:回到顶部不裁切: top=89

[设置:看完移出稍后再看]
  ✅ 设置里有「看完移出稍后再看」开关: 弹幕 / 看完移出稍后再看 / 播完自动播放下一个 / 每行视频 / 弹幕字号 / 字幕字号 / 界面字号 / CDN 线路 / 检查更新 / 网络诊断 / 语言 / Language

[Runtime health]
  ✅ No uncaught page errors

====================================================
Results: 55 passed, 0 failed, 2 warned
====================================================
