2026-07-28 15:34 DAU 2026-07-28: 47 台 ↓9 · 累计 878
2026-07-28 19:37 DAU 2026-07-28: 50 台 ↓6 · 累计 881
2026-07-29 10:09 DAU 2026-07-29: 10 台 ↓40 · 累计 891
2026-07-29 12:23 DAU 2026-07-28: 50 台 ↓6 · 累计 896 · 今日已 15
2026-07-30 10:09 DAU 2026-07-29: 55 台 ↑5 · 累计 966 · 今日已 30
2026-07-30 10:54 DAU 2026-07-29: 55 台 ↑5 · 累计 967 · 今日已 31
2026-07-31 10:09 DAU 2026-07-30: 71 台 ↑16 · 累计 1030 · 今日已 23
2026-08-01 10:09 DAU 2026-07-31: 71 台 持平 · 累计 1103 · 今日已 25
2026-08-02 10:09 DAU 2026-08-01: 98 台 ↑27 · 累计 1203 · 今日已 27
2026-08-03 10:09 DAU 2026-08-02: 110 台 ↑12 · 累计 1317 · 今日已 31
2026-08-04 10:09 DAU 2026-08-03: 63 台 ↓47 · 累计 1367 · 今日已 18
2026-08-05 10:09 DAU 2026-08-04: 61 台 ↓2 · 累计 1434 · 今日已 24
2026-08-06 10:09 DAU 2026-08-05: 64 台 ↑3 · 累计 1499 · 今日已 25
2026-08-07 10:09 DAU 2026-08-06: 71 台 ↑7 · 累计 1578 · 今日已 33
2026-08-08 10:09 DAU 2026-08-07: 85 台 ↑14 · 累计 1663 · 今日已 33
2026-08-09 10:09 DAU 2026-08-08: 106 台 ↑21 · 累计 1792 · 今日已 56
2026-08-10 10:09 DAU 2026-08-09: 156 台 ↑50 · 累计 1930 · 今日已 38
2026-08-11 10:09 DAU 2026-08-10: 95 台 ↓61 · 累计 2019 · 今日已 32
2026-08-12 10:09 DAU 2026-08-11: 83 台 ↓12 · 累计 2098 · 今日已 28
2026-08-13 10:09 DAU 2026-08-12: 63 台 ↓20 · 累计 2157 · 今日已 24
2026-08-14 10:09 DAU 2026-08-13: 89 台 ↑26 · 累计 2248 · 今日已 26
2026-08-15 10:09 DAU 2026-08-14: 82 台 ↓7 · 累计 2334 · 今日已 30
2026-08-16 10:09 DAU 2026-08-15: 83 台 ↑1 · 累计 2417 · 今日已 30
2026-08-17 10:09 DAU 2026-08-16: 120 台 ↑37 · 累计 2529 · 今日已 22
2026-08-18 10:09 DAU 2026-08-17: -2507 台 ↓2627 · 累计 2626 · 今日已 2626
2026-08-19 10:09 DAU 2026-08-18: 2683 台 ↑5190 · 累计 2721 · 今日已 38
2026-08-20 10:09 DAU 2026-08-19: 98 台 ↓2585 · 累计 2810 · 今日已 29
