[Environment] Mozilla/5.0 (Web0S; Linux/SmartTV) AppleWebKit/537.36 (KHTML, like Gecko) Chrome/120.0.6099.270 Safari/537.36 WebAppManager

[Navigation + Home]
  ✅ Home loads video cards: 20 cards
  ✅ No broken thumbnails: 0 broken / 12 imgs
  ✅ OK entered content (focus in grid): content-0-0
  ✅ Back returns focus to sidebar: sidebar-1-0

[Video playback + player panel]
  ✅ Video starts playing: t=0.2s ready=4
  ✅ Playback advances (no immediate freeze): 0.2s → 4.3s
  ✅ Player tab row visible
  ✅ 相关推荐 + UP主投稿 tabs present: 相关推荐 UP主投稿 · 珠amadeusz海
  ✅ 相关推荐 has cards (recommended w/ upload time): 12 cards
  ✅ UP主投稿 tab loads videos: 30 cards; API={"code":0,"count":30}

[Comment rail rendering and control layout]
  ✅ Comment rail loads real comments: 20 cards
  ✅ Comment rail shows content without JSX or empty-state leakage
  ✅ Comment controls fit without overlapping metadata: {"present":true,"sourceLeak":false,"empty":false,"controlsRight":1500,"railLeft":1501,"duplicate":false}

[番剧 / Bangumi (PGC) + HDR]
  ✅ Season info loads (episode list): 38 eps
  ✅ PGC playurl returns DASH (bangumi playable): 19 video reps
  ✅ HDR/Dolby rep present + selectable by id: accept=[125,120,112,80,64,32,16]

[Live playback + danmaku + history]
  ✅ Live list loads: 13 rooms
  ✅ Live stream plays: t=0.6s ready=4 (第1个房间)
  ✅ Danmaku layer mounted
  ⚠️  Danmaku rendering: no items yet (quiet room?) — layer present
  ✅ Live room recorded to recentLive: 8 stored
  ✅ Live shows in 我的 → 最近观看 with 直播 badge: cards=98

[Search]
  ✅ Search recommendations render (热门/历史): 23 rows
  ✅ Search returns a results grid: 20 results

[Follow list + pagination]
  ✅ Follow list loads: 20 cards
  ✅ Pagination loads more: 20 → 60

[Authenticated favorites, subscriptions and watch-later list]
  ✅ Account API confirms valid login
  ✅ Own favorites match the account folder response: 2/2 folders
  ✅ Favorite folder renders videos: 24 cards
  ✅ Subscriptions tab matches the account response: 18/18 folders
  ✅ Subscribed folder renders videos: 12 cards
  ✅ Watch Later list matches the authenticated API: 0/0 cards

[Settings auto update-check]
  ✅ Auto update-check populated: 已是最新 (v2.1.1)
  ✅ Update-check resolved (latest/new/version): 已是最新 (v2.1.1)

[热门 / 分区]
  ✅ 热门 loads content: 20 cards / 13 imgs
  ✅ 分区(游戏) loads content: 100 cards / 13 imgs

[Watch Later: guarded add / long-press remove / restore]
  ✅ Player confirms fixture added to Watch Later
  ✅ Add changes only the absent fixture
  ✅ Watch Later UI reflects the added fixture
  ✅ Holding OK shows progress
  ✅ Long-press menu targets the fixture aid
  ✅ Opening the menu leaves the list unchanged
  ✅ Menu removal updates Watch Later UI
  ✅ Menu removal restores the original API list
  ✅ UI writes were limited to one fixture add and remove: {"add":1,"del":1,"blocked":0}
  ✅ Final original Watch Later order and membership preserved: 0 original items

====================================================
Results: 45 passed, 0 failed, 1 warned
====================================================
